2026-05-14 21:01:38.148 | INFO     | local_worker.logging_setup:log_session_banner:195 - === wood-league-worker 0.9.4 — session 2026-05-15T02:01:38Z ===
2026-05-14 21:01:38.148 | INFO     | local_worker.logging_setup:log_session_banner:195 - host: Windows AMD64 11 / Python 3.12.2
2026-05-14 21:01:38.148 | INFO     | local_worker.logging_setup:log_session_banner:195 - torch: 2.12.0+cu132  cuda=True  mps=False
2026-05-14 21:01:38.148 | INFO     | local_worker.logging_setup:log_session_banner:195 - gpus: ['NVIDIA GeForce RTX 4070 Ti']  (no gpu)
2026-05-14 21:01:38.148 | INFO     | local_worker.logging_setup:log_session_banner:195 - engines: stockfish Stockfish 17.1 @ D:\0CHESSPROJECT\stockfish\stockfish-windows-x86-64-avx2.exe; lc0 Lc0 v0.32.1 @ D:\lc0\lc0.exe backend=cuda-auto
2026-05-14 21:01:38.148 | INFO     | local_worker.logging_setup:log_session_banner:195 - syzygy: wdl=35 dtz=35 files at C:\Users\zirco\AppData\Local\WoodLeague\wood-league-worker\syzygy
2026-05-14 21:01:42.958 | INFO     | httpx._client:_send_single_request:1025 - HTTP Request: POST https://woodleague.up.railway.app/api/v1/heartbeat/ "HTTP/1.1 200 OK"
2026-05-14 21:01:43.098 | INFO     | httpx._client:_send_single_request:1025 - HTTP Request: POST https://woodleague.up.railway.app/api/v1/jobs/checkout/ "HTTP/1.1 200 OK"
2026-05-14 21:01:43.140 | INFO     | local_worker.loop:_drain_engine_queue:371 - Claimed 5 lc0 job(s): 7893, 7891, 7889, 7887, 7885
2026-05-14 21:01:43.141 | INFO     | local_worker.loop:run_one_job:187 - Starting job 7893 — engine=lc0 game=bffbe68e-b406-11ef-9e9f-217fb401000b depth=25000 nodes=None
2026-05-14 21:01:43.147 | INFO     | local_worker.analysis.lc0:analyze_pgn:665 - lc0: launching engine at D:\lc0\lc0.exe
2026-05-14 21:01:43.211 | INFO     | chess.engine:error_line_received:973 - <UciProtocol (pid=21716)>: stderr >>        _
2026-05-14 21:01:43.211 | INFO     | chess.engine:error_line_received:973 - <UciProtocol (pid=21716)>: stderr >> |   _ | |
2026-05-14 21:01:43.211 | INFO     | chess.engine:error_line_received:973 - <UciProtocol (pid=21716)>: stderr >> |_ |_ |_| v0.32.1 built Nov 23 2025
2026-05-14 21:01:43.212 | INFO     | chess.engine:error_line_received:973 - <UciProtocol (pid=21716)>: stderr >> Search algorithm: classic
2026-05-14 21:01:43.214 | INFO     | local_worker.analysis.lc0:analyze_pgn:667 - lc0: engine launched; configuring backend=cuda-auto weights=C:\Users\zirco\AppData\Local\WoodLeague\wood-league-worker\networks\BT4-1024x15x32h-swa-6147500-policytune-332.pb.gz syzygy=C:\Users\zirco\AppData\Local\WoodLeague\wood-league-worker\syzygy
2026-05-14 21:01:43.219 | INFO     | local_worker.analysis.lc0:_configure_engine:476 - lc0: configure complete (opts=['Backend', 'MaxPrefetch', 'MinibatchSize', 'NNCacheSize', 'RamLimitMb', 'SmartPruningFactor', 'SyzygyPath', 'Threads', 'WeightsFile'])
2026-05-14 21:01:43.219 | INFO     | local_worker.analysis.lc0:analyze_pgn:692 - lc0: entering move loop — 61 plies, 25000 nodes/move
2026-05-14 21:01:43.219 | INFO     | local_worker.analysis.lc0:analyze_pgn:695 - lc0: analysing ply 1/61
2026-05-14 21:01:43.224 | INFO     | local_worker.loop:_logging_progress:198 -   job 7893 — move 1/61 c4
2026-05-14 21:01:43.224 | INFO     | local_worker.analysis.lc0:analyze_pgn:695 - lc0: analysing ply 2/61
2026-05-14 21:01:43.224 | INFO     | chess.engine:error_line_received:973 - <UciProtocol (pid=21716)>: stderr >> Loading weights file from: C:\Users\zirco\AppData\Local\WoodLeague\wood-league-worker\networks\BT4-1024x15x32h-swa-6147500-policytune-332.pb.gz
2026-05-14 21:01:43.852 | INFO     | chess.engine:error_line_received:973 - <UciProtocol (pid=21716)>: stderr >> Weights file has multihead format, updating format flag
2026-05-14 21:01:43.890 | INFO     | chess.engine:error_line_received:973 - <UciProtocol (pid=21716)>: stderr >> Switching to [cuda-fp16]...
2026-05-14 21:01:44.067 | INFO     | chess.engine:error_line_received:973 - <UciProtocol (pid=21716)>: stderr >> CUDA Runtime version: 12.9.0
2026-05-14 21:01:44.068 | INFO     | chess.engine:error_line_received:973 - <UciProtocol (pid=21716)>: stderr >> Latest version of CUDA supported by the driver: 13.2.0
2026-05-14 21:01:44.068 | INFO     | chess.engine:error_line_received:973 - <UciProtocol (pid=21716)>: stderr >> GPU: NVIDIA GeForce RTX 4070 Ti
2026-05-14 21:01:44.068 | INFO     | chess.engine:error_line_received:973 - <UciProtocol (pid=21716)>: stderr >> GPU memory: 11.9937 Gb
2026-05-14 21:01:44.068 | INFO     | chess.engine:error_line_received:973 - <UciProtocol (pid=21716)>: stderr >> GPU clock frequency: 2610 MHz
2026-05-14 21:01:44.068 | INFO     | chess.engine:error_line_received:973 - <UciProtocol (pid=21716)>: stderr >> GPU compute capability: 8.9
2026-05-14 21:01:44.068 | INFO     | chess.engine:error_line_received:973 - <UciProtocol (pid=21716)>: stderr >> L2 cache capacity: 50331648
2026-05-14 21:01:44.493 | INFO     | chess.engine:error_line_received:973 - <UciProtocol (pid=21716)>: stderr >> Loading Syzygy tablebases from C:\Users\zirco\AppData\Local\WoodLeague\wood-league-worker\syzygy
2026-05-14 21:01:44.508 | INFO     | chess.engine:error_line_received:973 - <UciProtocol (pid=21716)>: stderr >> Found 35 WDL, 0 DTM and 35 DTZ tablebase files.
2026-05-14 21:01:52.893 | INFO     | local_worker.loop:_logging_progress:198 -   job 7893 — move 2/61 e6
2026-05-14 21:01:52.893 | INFO     | local_worker.analysis.lc0:analyze_pgn:695 - lc0: analysing ply 3/61
2026-05-14 21:01:52.983 | INFO     | local_worker.loop:_logging_progress:198 -   job 7893 — move 3/61 Nf3
2026-05-14 21:01:52.984 | INFO     | local_worker.analysis.lc0:analyze_pgn:695 - lc0: analysing ply 4/61
2026-05-14 21:01:55.506 | INFO     | local_worker.loop:_logging_progress:198 -   job 7893 — move 4/61 d5
2026-05-14 21:01:55.506 | INFO     | local_worker.analysis.lc0:analyze_pgn:695 - lc0: analysing ply 5/61
2026-05-14 21:01:59.636 | INFO     | local_worker.loop:_logging_progress:198 -   job 7893 — move 5/61 e3
2026-05-14 21:01:59.636 | INFO     | local_worker.analysis.lc0:analyze_pgn:695 - lc0: analysing ply 6/61
2026-05-14 21:02:08.474 | INFO     | local_worker.loop:_logging_progress:198 -   job 7893 — move 6/61 Nc6
2026-05-14 21:02:08.474 | INFO     | local_worker.analysis.lc0:analyze_pgn:695 - lc0: analysing ply 7/61
2026-05-14 21:02:08.567 | INFO     | local_worker.loop:_logging_progress:198 -   job 7893 — move 7/61 d4
2026-05-14 21:02:08.567 | INFO     | local_worker.analysis.lc0:analyze_pgn:695 - lc0: analysing ply 8/61
2026-05-14 21:02:10.006 | INFO     | local_worker.loop:_logging_progress:198 -   job 7893 — move 8/61 Nf6
2026-05-14 21:02:10.007 | INFO     | local_worker.analysis.lc0:analyze_pgn:695 - lc0: analysing ply 9/61
2026-05-14 21:02:17.520 | INFO     | local_worker.loop:_logging_progress:198 -   job 7893 — move 9/61 Be2
2026-05-14 21:02:17.521 | INFO     | local_worker.analysis.lc0:analyze_pgn:695 - lc0: analysing ply 10/61
2026-05-14 21:02:22.539 | INFO     | local_worker.loop:_logging_progress:198 -   job 7893 — move 10/61 g6
2026-05-14 21:02:22.539 | INFO     | local_worker.analysis.lc0:analyze_pgn:695 - lc0: analysing ply 11/61
2026-05-14 21:02:27.026 | INFO     | local_worker.loop:_logging_progress:198 -   job 7893 — move 11/61 Nc3
2026-05-14 21:02:27.026 | INFO     | local_worker.analysis.lc0:analyze_pgn:695 - lc0: analysing ply 12/61
2026-05-14 21:02:27.126 | INFO     | local_worker.loop:_logging_progress:198 -   job 7893 — move 12/61 Bg7
2026-05-14 21:02:27.126 | INFO     | local_worker.analysis.lc0:analyze_pgn:695 - lc0: analysing ply 13/61
2026-05-14 21:02:27.557 | INFO     | local_worker.loop:_logging_progress:198 -   job 7893 — move 13/61 O-O
2026-05-14 21:02:27.557 | INFO     | local_worker.analysis.lc0:analyze_pgn:695 - lc0: analysing ply 14/61
2026-05-14 21:02:31.731 | INFO     | local_worker.loop:_logging_progress:198 -   job 7893 — move 14/61 O-O
2026-05-14 21:02:31.731 | INFO     | local_worker.analysis.lc0:analyze_pgn:695 - lc0: analysing ply 15/61
2026-05-14 21:02:38.807 | INFO     | local_worker.loop:_logging_progress:198 -   job 7893 — move 15/61 Qc2
2026-05-14 21:02:38.808 | INFO     | local_worker.analysis.lc0:analyze_pgn:695 - lc0: analysing ply 16/61
2026-05-14 21:02:38.891 | INFO     | local_worker.loop:_logging_progress:198 -   job 7893 — move 16/61 Nb4
2026-05-14 21:02:38.891 | INFO     | local_worker.analysis.lc0:analyze_pgn:695 - lc0: analysing ply 17/61
2026-05-14 21:02:49.597 | INFO     | local_worker.loop:_logging_progress:198 -   job 7893 — move 17/61 Qb1
2026-05-14 21:02:49.597 | INFO     | local_worker.analysis.lc0:analyze_pgn:695 - lc0: analysing ply 18/61
2026-05-14 21:02:56.636 | INFO     | local_worker.loop:_logging_progress:198 -   job 7893 — move 18/61 Ne4
2026-05-14 21:02:56.636 | INFO     | local_worker.analysis.lc0:analyze_pgn:695 - lc0: analysing ply 19/61
2026-05-14 21:02:56.720 | INFO     | local_worker.loop:_logging_progress:198 -   job 7893 — move 19/61 Nxe4
2026-05-14 21:02:56.720 | INFO     | local_worker.analysis.lc0:analyze_pgn:695 - lc0: analysing ply 20/61
2026-05-14 21:02:56.754 | INFO     | local_worker.loop:_logging_progress:198 -   job 7893 — move 20/61 dxe4
2026-05-14 21:02:56.754 | INFO     | local_worker.analysis.lc0:analyze_pgn:695 - lc0: analysing ply 21/61
2026-05-14 21:02:56.839 | INFO     | local_worker.loop:_logging_progress:198 -   job 7893 — move 21/61 Qxe4
2026-05-14 21:02:56.839 | INFO     | local_worker.analysis.lc0:analyze_pgn:695 - lc0: analysing ply 22/61
2026-05-14 21:03:02.700 | INFO     | local_worker.loop:_logging_progress:198 -   job 7893 — move 22/61 Qf6
2026-05-14 21:03:02.700 | INFO     | local_worker.analysis.lc0:analyze_pgn:695 - lc0: analysing ply 23/61
2026-05-14 21:03:07.847 | INFO     | local_worker.loop:_logging_progress:198 -   job 7893 — move 23/61 b3
2026-05-14 21:03:07.847 | INFO     | local_worker.analysis.lc0:analyze_pgn:695 - lc0: analysing ply 24/61
2026-05-14 21:03:14.257 | INFO     | local_worker.loop:_logging_progress:198 -   job 7893 — move 24/61 Bd7
2026-05-14 21:03:14.257 | INFO     | local_worker.analysis.lc0:analyze_pgn:695 - lc0: analysing ply 25/61
2026-05-14 21:03:21.190 | INFO     | local_worker.loop:_logging_progress:198 -   job 7893 — move 25/61 Bb2
2026-05-14 21:03:21.191 | INFO     | local_worker.analysis.lc0:analyze_pgn:695 - lc0: analysing ply 26/61
2026-05-14 21:03:27.980 | INFO     | local_worker.loop:_logging_progress:198 -   job 7893 — move 26/61 Qf5
2026-05-14 21:03:27.980 | INFO     | local_worker.analysis.lc0:analyze_pgn:695 - lc0: analysing ply 27/61
2026-05-14 21:03:28.066 | INFO     | local_worker.loop:_logging_progress:198 -   job 7893 — move 27/61 Qxb7
2026-05-14 21:03:28.066 | INFO     | local_worker.analysis.lc0:analyze_pgn:695 - lc0: analysing ply 28/61
2026-05-14 21:03:36.472 | INFO     | local_worker.loop:_logging_progress:198 -   job 7893 — move 28/61 Nc2
2026-05-14 21:03:36.472 | INFO     | local_worker.analysis.lc0:analyze_pgn:695 - lc0: analysing ply 29/61
2026-05-14 21:03:36.554 | INFO     | local_worker.loop:_logging_progress:198 -   job 7893 — move 29/61 Rad1
2026-05-14 21:03:36.554 | INFO     | local_worker.analysis.lc0:analyze_pgn:695 - lc0: analysing ply 30/61
2026-05-14 21:03:45.863 | INFO     | local_worker.loop:_logging_progress:198 -   job 7893 — move 30/61 Rab8
2026-05-14 21:03:45.863 | INFO     | local_worker.analysis.lc0:analyze_pgn:695 - lc0: analysing ply 31/61
2026-05-14 21:03:45.949 | INFO     | local_worker.loop:_logging_progress:198 -   job 7893 — move 31/61 Qxc7
2026-05-14 21:03:45.950 | INFO     | local_worker.analysis.lc0:analyze_pgn:695 - lc0: analysing ply 32/61
2026-05-14 21:03:52.146 | INFO     | local_worker.loop:_logging_progress:198 -   job 7893 — move 32/61 Qf6
2026-05-14 21:03:52.147 | INFO     | local_worker.analysis.lc0:analyze_pgn:695 - lc0: analysing ply 33/61
2026-05-14 21:03:52.232 | INFO     | local_worker.loop:_logging_progress:198 -   job 7893 — move 33/61 Qxd7
2026-05-14 21:03:52.232 | INFO     | local_worker.analysis.lc0:analyze_pgn:695 - lc0: analysing ply 34/61
2026-05-14 21:03:54.478 | INFO     | local_worker.loop:_logging_progress:198 -   job 7893 — move 34/61 Nb4
2026-05-14 21:03:54.478 | INFO     | local_worker.analysis.lc0:analyze_pgn:695 - lc0: analysing ply 35/61
2026-05-14 21:04:04.800 | INFO     | local_worker.loop:_logging_progress:198 -   job 7893 — move 35/61 Rd2
2026-05-14 21:04:04.800 | INFO     | local_worker.analysis.lc0:analyze_pgn:695 - lc0: analysing ply 36/61
2026-05-14 21:04:10.455 | INFO     | local_worker.loop:_logging_progress:198 -   job 7893 — move 36/61 Nxa2
2026-05-14 21:04:10.455 | INFO     | local_worker.analysis.lc0:analyze_pgn:695 - lc0: analysing ply 37/61
2026-05-14 21:04:10.528 | INFO     | local_worker.loop:_logging_progress:198 -   job 7893 — move 37/61 Ra1
2026-05-14 21:04:10.528 | INFO     | local_worker.analysis.lc0:analyze_pgn:695 - lc0: analysing ply 38/61
2026-05-14 21:04:15.585 | INFO     | local_worker.loop:_logging_progress:198 -   job 7893 — move 38/61 Nb4
2026-05-14 21:04:15.585 | INFO     | local_worker.analysis.lc0:analyze_pgn:695 - lc0: analysing ply 39/61
2026-05-14 21:04:19.714 | INFO     | local_worker.loop:_logging_progress:198 -   job 7893 — move 39/61 Rxa7
2026-05-14 21:04:19.714 | INFO     | local_worker.analysis.lc0:analyze_pgn:695 - lc0: analysing ply 40/61
2026-05-14 21:04:29.683 | INFO     | local_worker.loop:_logging_progress:198 -   job 7893 — move 40/61 h5
2026-05-14 21:04:29.684 | INFO     | local_worker.analysis.lc0:analyze_pgn:695 - lc0: analysing ply 41/61
2026-05-14 21:04:29.758 | INFO     | local_worker.loop:_logging_progress:198 -   job 7893 — move 41/61 d5
2026-05-14 21:04:29.758 | INFO     | local_worker.analysis.lc0:analyze_pgn:695 - lc0: analysing ply 42/61
2026-05-14 21:04:34.503 | INFO     | local_worker.loop:_logging_progress:198 -   job 7893 — move 42/61 Qf5
2026-05-14 21:04:34.503 | INFO     | local_worker.analysis.lc0:analyze_pgn:695 - lc0: analysing ply 43/61
2026-05-14 21:04:40.029 | INFO     | local_worker.loop:_logging_progress:198 -   job 7893 — move 43/61 Bxg7
2026-05-14 21:04:40.029 | INFO     | local_worker.analysis.lc0:analyze_pgn:695 - lc0: analysing ply 44/61
2026-05-14 21:04:42.713 | INFO     | local_worker.loop:_logging_progress:198 -   job 7893 — move 44/61 Kxg7
2026-05-14 21:04:42.713 | INFO     | local_worker.analysis.lc0:analyze_pgn:695 - lc0: analysing ply 45/61
2026-05-14 21:04:46.346 | INFO     | local_worker.loop:_logging_progress:198 -   job 7893 — move 45/61 dxe6
2026-05-14 21:04:46.346 | INFO     | local_worker.analysis.lc0:analyze_pgn:695 - lc0: analysing ply 46/61
2026-05-14 21:04:56.956 | INFO     | local_worker.loop:_logging_progress:198 -   job 7893 — move 46/61 Kg8
2026-05-14 21:04:56.956 | INFO     | local_worker.analysis.lc0:analyze_pgn:695 - lc0: analysing ply 47/61
2026-05-14 21:05:02.591 | INFO     | local_worker.loop:_logging_progress:198 -   job 7893 — move 47/61 Ng5
2026-05-14 21:05:02.592 | INFO     | local_worker.analysis.lc0:analyze_pgn:695 - lc0: analysing ply 48/61
2026-05-14 21:05:02.665 | INFO     | local_worker.loop:_logging_progress:198 -   job 7893 — move 48/61 Qxg5
2026-05-14 21:05:02.665 | INFO     | local_worker.analysis.lc0:analyze_pgn:695 - lc0: analysing ply 49/61
2026-05-14 21:05:03.730 | INFO     | local_worker.loop:_logging_progress:198 -   job 7893 — move 49/61 e7
2026-05-14 21:05:03.730 | INFO     | local_worker.analysis.lc0:analyze_pgn:695 - lc0: analysing ply 50/61
2026-05-14 21:05:07.670 | INFO     | local_worker.loop:_logging_progress:198 -   job 7893 — move 50/61 Rfe8
2026-05-14 21:05:07.671 | INFO     | local_worker.analysis.lc0:analyze_pgn:695 - lc0: analysing ply 51/61
2026-05-14 21:05:13.741 | INFO     | local_worker.loop:_logging_progress:198 -   job 7893 — move 51/61 Qc7
2026-05-14 21:05:13.741 | INFO     | local_worker.analysis.lc0:analyze_pgn:695 - lc0: analysing ply 52/61
2026-05-14 21:05:18.018 | INFO     | local_worker.loop:_logging_progress:198 -   job 7893 — move 52/61 Qf5
2026-05-14 21:05:18.018 | INFO     | local_worker.analysis.lc0:analyze_pgn:695 - lc0: analysing ply 53/61
2026-05-14 21:05:18.092 | INFO     | local_worker.loop:_logging_progress:198 -   job 7893 — move 53/61 Rd8
2026-05-14 21:05:18.092 | INFO     | local_worker.analysis.lc0:analyze_pgn:695 - lc0: analysing ply 54/61
2026-05-14 21:05:26.198 | INFO     | local_worker.loop:_logging_progress:198 -   job 7893 — move 54/61 Qb1+
2026-05-14 21:05:26.198 | INFO     | local_worker.analysis.lc0:analyze_pgn:695 - lc0: analysing ply 55/61
2026-05-14 21:05:26.272 | INFO     | local_worker.loop:_logging_progress:198 -   job 7893 — move 55/61 Bf1
2026-05-14 21:05:26.272 | INFO     | local_worker.analysis.lc0:analyze_pgn:695 - lc0: analysing ply 56/61
2026-05-14 21:05:31.823 | INFO     | local_worker.loop:_logging_progress:198 -   job 7893 — move 56/61 Qxb3
2026-05-14 21:05:31.823 | INFO     | local_worker.analysis.lc0:analyze_pgn:695 - lc0: analysing ply 57/61
2026-05-14 21:05:31.897 | INFO     | local_worker.loop:_logging_progress:198 -   job 7893 — move 57/61 Rxb8
2026-05-14 21:05:31.898 | INFO     | local_worker.analysis.lc0:analyze_pgn:695 - lc0: analysing ply 58/61
2026-05-14 21:05:37.148 | INFO     | local_worker.loop:_logging_progress:198 -   job 7893 — move 58/61 Rxb8
2026-05-14 21:05:37.148 | INFO     | local_worker.analysis.lc0:analyze_pgn:695 - lc0: analysing ply 59/61
2026-05-14 21:05:37.177 | INFO     | local_worker.loop:_logging_progress:198 -   job 7893 — move 59/61 Qxb8+
2026-05-14 21:05:37.177 | INFO     | local_worker.analysis.lc0:analyze_pgn:695 - lc0: analysing ply 60/61
2026-05-14 21:05:37.190 | INFO     | local_worker.loop:_logging_progress:198 -   job 7893 — move 60/61 Kg7
2026-05-14 21:05:37.190 | INFO     | local_worker.analysis.lc0:analyze_pgn:695 - lc0: analysing ply 61/61
2026-05-14 21:05:40.559 | INFO     | local_worker.loop:_logging_progress:198 -   job 7893 — move 61/61 e8=Q
2026-05-14 21:05:40.559 | INFO     | local_worker.analysis.lc0:analyze_pgn:722 - lc0: eval_cache hits=1 misses=60 (1.6% hit rate)
2026-05-14 21:05:41.318 | INFO     | httpx._client:_send_single_request:1025 - HTTP Request: POST https://woodleague.up.railway.app/api/v1/jobs/7893/complete/ "HTTP/1.1 200 OK"
2026-05-14 21:05:41.319 | INFO     | local_worker.loop:run_one_job:259 - Job 7893 complete (lc0) in 238.2s
2026-05-14 21:05:41.319 | INFO     | local_worker.loop:run_one_job:187 - Starting job 7891 — engine=lc0 game=8a4d40f0-b988-11ef-8697-2cdae201000b depth=25000 nodes=None
2026-05-14 21:05:41.323 | INFO     | local_worker.analysis.lc0:analyze_pgn:665 - lc0: launching engine at D:\lc0\lc0.exe
2026-05-14 21:05:41.405 | INFO     | chess.engine:error_line_received:973 - <UciProtocol (pid=30548)>: stderr >>        _
2026-05-14 21:05:41.405 | INFO     | chess.engine:error_line_received:973 - <UciProtocol (pid=30548)>: stderr >> |   _ | |
2026-05-14 21:05:41.405 | INFO     | chess.engine:error_line_received:973 - <UciProtocol (pid=30548)>: stderr >> |_ |_ |_| v0.32.1 built Nov 23 2025
2026-05-14 21:05:41.407 | INFO     | chess.engine:error_line_received:973 - <UciProtocol (pid=30548)>: stderr >> Search algorithm: classic
2026-05-14 21:05:41.408 | INFO     | local_worker.analysis.lc0:analyze_pgn:667 - lc0: engine launched; configuring backend=cuda-auto weights=C:\Users\zirco\AppData\Local\WoodLeague\wood-league-worker\networks\BT4-1024x15x32h-swa-6147500-policytune-332.pb.gz syzygy=C:\Users\zirco\AppData\Local\WoodLeague\wood-league-worker\syzygy
2026-05-14 21:05:41.408 | INFO     | local_worker.analysis.lc0:_configure_engine:476 - lc0: configure complete (opts=['Backend', 'MaxPrefetch', 'MinibatchSize', 'NNCacheSize', 'RamLimitMb', 'SmartPruningFactor', 'SyzygyPath', 'Threads', 'WeightsFile'])
2026-05-14 21:05:41.410 | INFO     | local_worker.analysis.lc0:analyze_pgn:692 - lc0: entering move loop — 48 plies, 25000 nodes/move
2026-05-14 21:05:41.410 | INFO     | local_worker.analysis.lc0:analyze_pgn:695 - lc0: analysing ply 1/48
2026-05-14 21:05:41.421 | INFO     | chess.engine:error_line_received:973 - <UciProtocol (pid=30548)>: stderr >> Loading weights file from: C:\Users\zirco\AppData\Local\WoodLeague\wood-league-worker\networks\BT4-1024x15x32h-swa-6147500-policytune-332.pb.gz
2026-05-14 21:05:42.042 | INFO     | chess.engine:error_line_received:973 - <UciProtocol (pid=30548)>: stderr >> Weights file has multihead format, updating format flag
2026-05-14 21:05:42.079 | INFO     | chess.engine:error_line_received:973 - <UciProtocol (pid=30548)>: stderr >> Switching to [cuda-fp16]...
2026-05-14 21:05:42.254 | INFO     | chess.engine:error_line_received:973 - <UciProtocol (pid=30548)>: stderr >> CUDA Runtime version: 12.9.0
2026-05-14 21:05:42.254 | INFO     | chess.engine:error_line_received:973 - <UciProtocol (pid=30548)>: stderr >> Latest version of CUDA supported by the driver: 13.2.0
2026-05-14 21:05:42.254 | INFO     | chess.engine:error_line_received:973 - <UciProtocol (pid=30548)>: stderr >> GPU: NVIDIA GeForce RTX 4070 Ti
2026-05-14 21:05:42.254 | INFO     | chess.engine:error_line_received:973 - <UciProtocol (pid=30548)>: stderr >> GPU memory: 11.9937 Gb
2026-05-14 21:05:42.254 | INFO     | chess.engine:error_line_received:973 - <UciProtocol (pid=30548)>: stderr >> GPU clock frequency: 2610 MHz
2026-05-14 21:05:42.254 | INFO     | chess.engine:error_line_received:973 - <UciProtocol (pid=30548)>: stderr >> GPU compute capability: 8.9
2026-05-14 21:05:42.254 | INFO     | chess.engine:error_line_received:973 - <UciProtocol (pid=30548)>: stderr >> L2 cache capacity: 50331648
2026-05-14 21:05:42.629 | INFO     | chess.engine:error_line_received:973 - <UciProtocol (pid=30548)>: stderr >> Loading Syzygy tablebases from C:\Users\zirco\AppData\Local\WoodLeague\wood-league-worker\syzygy
2026-05-14 21:05:42.645 | INFO     | chess.engine:error_line_received:973 - <UciProtocol (pid=30548)>: stderr >> Found 35 WDL, 0 DTM and 35 DTZ tablebase files.
2026-05-14 21:05:47.921 | INFO     | local_worker.loop:_logging_progress:198 -   job 7891 — move 1/48 e4
2026-05-14 21:05:47.922 | INFO     | local_worker.analysis.lc0:analyze_pgn:695 - lc0: analysing ply 2/48
2026-05-14 21:05:47.922 | INFO     | local_worker.loop:_logging_progress:198 -   job 7891 — move 2/48 e5
2026-05-14 21:05:47.922 | INFO     | local_worker.analysis.lc0:analyze_pgn:695 - lc0: analysing ply 3/48
2026-05-14 21:05:47.923 | INFO     | local_worker.loop:_logging_progress:198 -   job 7891 — move 3/48 Bc4
2026-05-14 21:05:47.923 | INFO     | local_worker.analysis.lc0:analyze_pgn:695 - lc0: analysing ply 4/48
2026-05-14 21:05:51.465 | INFO     | local_worker.loop:_logging_progress:198 -   job 7891 — move 4/48 Nc6
2026-05-14 21:05:51.465 | INFO     | local_worker.analysis.lc0:analyze_pgn:695 - lc0: analysing ply 5/48
2026-05-14 21:05:54.035 | INFO     | local_worker.loop:_logging_progress:198 -   job 7891 — move 5/48 Nc3
2026-05-14 21:05:54.035 | INFO     | local_worker.analysis.lc0:analyze_pgn:695 - lc0: analysing ply 6/48
2026-05-14 21:05:58.143 | INFO     | local_worker.loop:_logging_progress:198 -   job 7891 — move 6/48 Nf6
2026-05-14 21:05:58.143 | INFO     | local_worker.analysis.lc0:analyze_pgn:695 - lc0: analysing ply 7/48
2026-05-14 21:05:58.441 | INFO     | local_worker.loop:_logging_progress:198 -   job 7891 — move 7/48 d3
2026-05-14 21:05:58.441 | INFO     | local_worker.analysis.lc0:analyze_pgn:695 - lc0: analysing ply 8/48
2026-05-14 21:05:58.729 | INFO     | local_worker.loop:_logging_progress:198 -   job 7891 — move 8/48 Bb4
2026-05-14 21:05:58.729 | INFO     | local_worker.analysis.lc0:analyze_pgn:695 - lc0: analysing ply 9/48
2026-05-14 21:06:08.170 | INFO     | local_worker.loop:_logging_progress:198 -   job 7891 — move 9/48 f4
2026-05-14 21:06:08.170 | INFO     | local_worker.analysis.lc0:analyze_pgn:695 - lc0: analysing ply 10/48
2026-05-14 21:06:08.244 | INFO     | local_worker.loop:_logging_progress:198 -   job 7891 — move 10/48 O-O
2026-05-14 21:06:08.244 | INFO     | local_worker.analysis.lc0:analyze_pgn:695 - lc0: analysing ply 11/48
2026-05-14 21:06:14.548 | INFO     | local_worker.loop:_logging_progress:198 -   job 7891 — move 11/48 Nf3
2026-05-14 21:06:14.548 | INFO     | local_worker.analysis.lc0:analyze_pgn:695 - lc0: analysing ply 12/48
2026-05-14 21:06:25.903 | INFO     | local_worker.loop:_logging_progress:198 -   job 7891 — move 12/48 h6
2026-05-14 21:06:25.904 | INFO     | local_worker.analysis.lc0:analyze_pgn:695 - lc0: analysing ply 13/48
2026-05-14 21:06:30.353 | INFO     | local_worker.loop:_logging_progress:198 -   job 7891 — move 13/48 f5
2026-05-14 21:06:30.353 | INFO     | local_worker.analysis.lc0:analyze_pgn:695 - lc0: analysing ply 14/48
2026-05-14 21:06:30.429 | INFO     | local_worker.loop:_logging_progress:198 -   job 7891 — move 14/48 Bxc3+
2026-05-14 21:06:30.429 | INFO     | local_worker.analysis.lc0:analyze_pgn:695 - lc0: analysing ply 15/48
2026-05-14 21:06:35.936 | INFO     | local_worker.loop:_logging_progress:198 -   job 7891 — move 15/48 bxc3
2026-05-14 21:06:35.936 | INFO     | local_worker.analysis.lc0:analyze_pgn:695 - lc0: analysing ply 16/48
2026-05-14 21:06:36.010 | INFO     | local_worker.loop:_logging_progress:198 -   job 7891 — move 16/48 d5
2026-05-14 21:06:36.010 | INFO     | local_worker.analysis.lc0:analyze_pgn:695 - lc0: analysing ply 17/48
2026-05-14 21:06:36.081 | INFO     | local_worker.loop:_logging_progress:198 -   job 7891 — move 17/48 Bb3
2026-05-14 21:06:36.082 | INFO     | local_worker.analysis.lc0:analyze_pgn:695 - lc0: analysing ply 18/48
2026-05-14 21:06:41.936 | INFO     | local_worker.loop:_logging_progress:198 -   job 7891 — move 18/48 dxe4
2026-05-14 21:06:41.937 | INFO     | local_worker.analysis.lc0:analyze_pgn:695 - lc0: analysing ply 19/48
2026-05-14 21:06:42.001 | INFO     | local_worker.loop:_logging_progress:198 -   job 7891 — move 19/48 dxe4
2026-05-14 21:06:42.001 | INFO     | local_worker.analysis.lc0:analyze_pgn:695 - lc0: analysing ply 20/48
2026-05-14 21:06:47.820 | INFO     | local_worker.loop:_logging_progress:198 -   job 7891 — move 20/48 Qxd1+
2026-05-14 21:06:47.820 | INFO     | local_worker.analysis.lc0:analyze_pgn:695 - lc0: analysing ply 21/48
2026-05-14 21:06:47.921 | INFO     | local_worker.loop:_logging_progress:198 -   job 7891 — move 21/48 Kxd1
2026-05-14 21:06:47.921 | INFO     | local_worker.analysis.lc0:analyze_pgn:695 - lc0: analysing ply 22/48
2026-05-14 21:06:47.996 | INFO     | local_worker.loop:_logging_progress:198 -   job 7891 — move 22/48 Nxe4
2026-05-14 21:06:47.996 | INFO     | local_worker.analysis.lc0:analyze_pgn:695 - lc0: analysing ply 23/48
2026-05-14 21:06:53.706 | INFO     | local_worker.loop:_logging_progress:198 -   job 7891 — move 23/48 Ke2
2026-05-14 21:06:53.706 | INFO     | local_worker.analysis.lc0:analyze_pgn:695 - lc0: analysing ply 24/48
2026-05-14 21:06:53.780 | INFO     | local_worker.loop:_logging_progress:198 -   job 7891 — move 24/48 Bxf5
2026-05-14 21:06:53.780 | INFO     | local_worker.analysis.lc0:analyze_pgn:695 - lc0: analysing ply 25/48
2026-05-14 21:06:54.230 | INFO     | local_worker.loop:_logging_progress:198 -   job 7891 — move 25/48 Bb2
2026-05-14 21:06:54.230 | INFO     | local_worker.analysis.lc0:analyze_pgn:695 - lc0: analysing ply 26/48
2026-05-14 21:07:04.636 | INFO     | local_worker.loop:_logging_progress:198 -   job 7891 — move 26/48 Bg4
2026-05-14 21:07:04.636 | INFO     | local_worker.analysis.lc0:analyze_pgn:695 - lc0: analysing ply 27/48
2026-05-14 21:07:10.420 | INFO     | local_worker.loop:_logging_progress:198 -   job 7891 — move 27/48 h3
2026-05-14 21:07:10.421 | INFO     | local_worker.analysis.lc0:analyze_pgn:695 - lc0: analysing ply 28/48
2026-05-14 21:07:10.495 | INFO     | local_worker.loop:_logging_progress:198 -   job 7891 — move 28/48 Ng3+
2026-05-14 21:07:10.496 | INFO     | local_worker.analysis.lc0:analyze_pgn:695 - lc0: analysing ply 29/48
2026-05-14 21:07:11.037 | INFO     | local_worker.loop:_logging_progress:198 -   job 7891 — move 29/48 Kf2
2026-05-14 21:07:11.037 | INFO     | local_worker.analysis.lc0:analyze_pgn:695 - lc0: analysing ply 30/48
2026-05-14 21:07:15.246 | INFO     | local_worker.loop:_logging_progress:198 -   job 7891 — move 30/48 Nxh1+
2026-05-14 21:07:15.246 | INFO     | local_worker.analysis.lc0:analyze_pgn:695 - lc0: analysing ply 31/48
2026-05-14 21:07:15.320 | INFO     | local_worker.loop:_logging_progress:198 -   job 7891 — move 31/48 Rxh1
2026-05-14 21:07:15.320 | INFO     | local_worker.analysis.lc0:analyze_pgn:695 - lc0: analysing ply 32/48
2026-05-14 21:07:16.502 | INFO     | local_worker.loop:_logging_progress:198 -   job 7891 — move 32/48 Bxf3
2026-05-14 21:07:16.502 | INFO     | local_worker.analysis.lc0:analyze_pgn:695 - lc0: analysing ply 33/48
2026-05-14 21:07:19.227 | INFO     | local_worker.loop:_logging_progress:198 -   job 7891 — move 33/48 gxf3
2026-05-14 21:07:19.227 | INFO     | local_worker.analysis.lc0:analyze_pgn:695 - lc0: analysing ply 34/48
2026-05-14 21:07:22.245 | INFO     | local_worker.loop:_logging_progress:198 -   job 7891 — move 34/48 Rad8
2026-05-14 21:07:22.245 | INFO     | local_worker.analysis.lc0:analyze_pgn:695 - lc0: analysing ply 35/48
2026-05-14 21:07:31.147 | INFO     | local_worker.loop:_logging_progress:198 -   job 7891 — move 35/48 c4
2026-05-14 21:07:31.148 | INFO     | local_worker.analysis.lc0:analyze_pgn:695 - lc0: analysing ply 36/48
2026-05-14 21:07:37.156 | INFO     | local_worker.loop:_logging_progress:198 -   job 7891 — move 36/48 Rd2+
2026-05-14 21:07:37.156 | INFO     | local_worker.analysis.lc0:analyze_pgn:695 - lc0: analysing ply 37/48
2026-05-14 21:07:37.234 | INFO     | local_worker.loop:_logging_progress:198 -   job 7891 — move 37/48 Ke3
2026-05-14 21:07:37.234 | INFO     | local_worker.analysis.lc0:analyze_pgn:695 - lc0: analysing ply 38/48
2026-05-14 21:07:39.287 | INFO     | local_worker.loop:_logging_progress:198 -   job 7891 — move 38/48 Rfd8
2026-05-14 21:07:39.288 | INFO     | local_worker.analysis.lc0:analyze_pgn:695 - lc0: analysing ply 39/48
2026-05-14 21:07:42.176 | INFO     | local_worker.loop:_logging_progress:198 -   job 7891 — move 39/48 Ke4
2026-05-14 21:07:42.176 | INFO     | local_worker.analysis.lc0:analyze_pgn:695 - lc0: analysing ply 40/48
2026-05-14 21:07:42.193 | INFO     | local_worker.loop:_logging_progress:198 -   job 7891 — move 40/48 Re2+
2026-05-14 21:07:42.194 | INFO     | local_worker.analysis.lc0:analyze_pgn:695 - lc0: analysing ply 41/48
2026-05-14 21:07:42.204 | INFO     | local_worker.loop:_logging_progress:198 -   job 7891 — move 41/48 Kf5
2026-05-14 21:07:42.204 | INFO     | local_worker.analysis.lc0:analyze_pgn:695 - lc0: analysing ply 42/48
2026-05-14 21:07:43.152 | INFO     | local_worker.loop:_logging_progress:198 -   job 7891 — move 42/48 Ne7+
2026-05-14 21:07:43.152 | INFO     | local_worker.analysis.lc0:analyze_pgn:695 - lc0: analysing ply 43/48
2026-05-14 21:07:43.181 | INFO     | local_worker.loop:_logging_progress:198 -   job 7891 — move 43/48 Kg4
2026-05-14 21:07:43.181 | INFO     | local_worker.analysis.lc0:analyze_pgn:695 - lc0: analysing ply 44/48
2026-05-14 21:07:44.057 | INFO     | local_worker.loop:_logging_progress:198 -   job 7891 — move 44/48 Rg2+
2026-05-14 21:07:44.058 | INFO     | local_worker.analysis.lc0:analyze_pgn:695 - lc0: analysing ply 45/48
2026-05-14 21:07:44.084 | INFO     | local_worker.loop:_logging_progress:198 -   job 7891 — move 45/48 Kh4
2026-05-14 21:07:44.084 | INFO     | local_worker.analysis.lc0:analyze_pgn:695 - lc0: analysing ply 46/48
2026-05-14 21:07:45.202 | INFO     | local_worker.loop:_logging_progress:198 -   job 7891 — move 46/48 Nf5+
2026-05-14 21:07:45.202 | INFO     | local_worker.analysis.lc0:analyze_pgn:695 - lc0: analysing ply 47/48
2026-05-14 21:07:45.221 | INFO     | local_worker.loop:_logging_progress:198 -   job 7891 — move 47/48 Kh5
2026-05-14 21:07:45.221 | INFO     | local_worker.analysis.lc0:analyze_pgn:695 - lc0: analysing ply 48/48
2026-05-14 21:07:45.729 | INFO     | local_worker.loop:_logging_progress:198 -   job 7891 — move 48/48 g6#
2026-05-14 21:07:45.729 | INFO     | local_worker.analysis.lc0:analyze_pgn:722 - lc0: eval_cache hits=3 misses=45 (6.2% hit rate)
2026-05-14 21:07:46.486 | INFO     | httpx._client:_send_single_request:1025 - HTTP Request: POST https://woodleague.up.railway.app/api/v1/jobs/7891/complete/ "HTTP/1.1 200 OK"
2026-05-14 21:07:46.487 | INFO     | local_worker.loop:run_one_job:259 - Job 7891 complete (lc0) in 125.2s
2026-05-14 21:07:46.488 | INFO     | local_worker.loop:run_one_job:187 - Starting job 7889 — engine=lc0 game=dfa54f14-b6f6-11ef-a3f1-76526701000b depth=25000 nodes=None
2026-05-14 21:07:46.492 | INFO     | local_worker.analysis.lc0:analyze_pgn:665 - lc0: launching engine at D:\lc0\lc0.exe
2026-05-14 21:07:46.546 | INFO     | chess.engine:error_line_received:973 - <UciProtocol (pid=29500)>: stderr >>        _
2026-05-14 21:07:46.546 | INFO     | chess.engine:error_line_received:973 - <UciProtocol (pid=29500)>: stderr >> |   _ | |
2026-05-14 21:07:46.546 | INFO     | chess.engine:error_line_received:973 - <UciProtocol (pid=29500)>: stderr >> |_ |_ |_| v0.32.1 built Nov 23 2025
2026-05-14 21:07:46.547 | INFO     | chess.engine:error_line_received:973 - <UciProtocol (pid=29500)>: stderr >> Search algorithm: classic
2026-05-14 21:07:46.548 | INFO     | local_worker.analysis.lc0:analyze_pgn:667 - lc0: engine launched; configuring backend=cuda-auto weights=C:\Users\zirco\AppData\Local\WoodLeague\wood-league-worker\networks\BT4-1024x15x32h-swa-6147500-policytune-332.pb.gz syzygy=C:\Users\zirco\AppData\Local\WoodLeague\wood-league-worker\syzygy
2026-05-14 21:07:46.549 | INFO     | local_worker.analysis.lc0:_configure_engine:476 - lc0: configure complete (opts=['Backend', 'MaxPrefetch', 'MinibatchSize', 'NNCacheSize', 'RamLimitMb', 'SmartPruningFactor', 'SyzygyPath', 'Threads', 'WeightsFile'])
2026-05-14 21:07:46.549 | INFO     | local_worker.analysis.lc0:analyze_pgn:692 - lc0: entering move loop — 45 plies, 25000 nodes/move
2026-05-14 21:07:46.549 | INFO     | local_worker.analysis.lc0:analyze_pgn:695 - lc0: analysing ply 1/45
2026-05-14 21:07:46.562 | INFO     | local_worker.loop:_logging_progress:198 -   job 7889 — move 1/45 c4
2026-05-14 21:07:46.562 | INFO     | local_worker.analysis.lc0:analyze_pgn:695 - lc0: analysing ply 2/45
2026-05-14 21:07:46.563 | INFO     | local_worker.loop:_logging_progress:198 -   job 7889 — move 2/45 Nf6
2026-05-14 21:07:46.564 | INFO     | local_worker.analysis.lc0:analyze_pgn:695 - lc0: analysing ply 3/45
2026-05-14 21:07:46.564 | INFO     | chess.engine:error_line_received:973 - <UciProtocol (pid=29500)>: stderr >> Loading weights file from: C:\Users\zirco\AppData\Local\WoodLeague\wood-league-worker\networks\BT4-1024x15x32h-swa-6147500-policytune-332.pb.gz
2026-05-14 21:07:47.178 | INFO     | chess.engine:error_line_received:973 - <UciProtocol (pid=29500)>: stderr >> Weights file has multihead format, updating format flag
2026-05-14 21:07:47.214 | INFO     | chess.engine:error_line_received:973 - <UciProtocol (pid=29500)>: stderr >> Switching to [cuda-fp16]...
2026-05-14 21:07:47.390 | INFO     | chess.engine:error_line_received:973 - <UciProtocol (pid=29500)>: stderr >> CUDA Runtime version: 12.9.0
2026-05-14 21:07:47.390 | INFO     | chess.engine:error_line_received:973 - <UciProtocol (pid=29500)>: stderr >> Latest version of CUDA supported by the driver: 13.2.0
2026-05-14 21:07:47.390 | INFO     | chess.engine:error_line_received:973 - <UciProtocol (pid=29500)>: stderr >> GPU: NVIDIA GeForce RTX 4070 Ti
2026-05-14 21:07:47.390 | INFO     | chess.engine:error_line_received:973 - <UciProtocol (pid=29500)>: stderr >> GPU memory: 11.9937 Gb
2026-05-14 21:07:47.390 | INFO     | chess.engine:error_line_received:973 - <UciProtocol (pid=29500)>: stderr >> GPU clock frequency: 2610 MHz
2026-05-14 21:07:47.390 | INFO     | chess.engine:error_line_received:973 - <UciProtocol (pid=29500)>: stderr >> GPU compute capability: 8.9
2026-05-14 21:07:47.390 | INFO     | chess.engine:error_line_received:973 - <UciProtocol (pid=29500)>: stderr >> L2 cache capacity: 50331648
2026-05-14 21:07:47.770 | INFO     | chess.engine:error_line_received:973 - <UciProtocol (pid=29500)>: stderr >> Loading Syzygy tablebases from C:\Users\zirco\AppData\Local\WoodLeague\wood-league-worker\syzygy
2026-05-14 21:07:47.784 | INFO     | chess.engine:error_line_received:973 - <UciProtocol (pid=29500)>: stderr >> Found 35 WDL, 0 DTM and 35 DTZ tablebase files.
2026-05-14 21:07:52.655 | INFO     | local_worker.loop:_logging_progress:198 -   job 7889 — move 3/45 d4
2026-05-14 21:07:52.655 | INFO     | local_worker.analysis.lc0:analyze_pgn:695 - lc0: analysing ply 4/45
2026-05-14 21:07:56.846 | INFO     | local_worker.loop:_logging_progress:198 -   job 7889 — move 4/45 c5
2026-05-14 21:07:56.846 | INFO     | local_worker.analysis.lc0:analyze_pgn:695 - lc0: analysing ply 5/45
2026-05-14 21:07:56.910 | INFO     | local_worker.loop:_logging_progress:198 -   job 7889 — move 5/45 e3
2026-05-14 21:07:56.911 | INFO     | local_worker.analysis.lc0:analyze_pgn:695 - lc0: analysing ply 6/45
2026-05-14 21:08:02.847 | INFO     | local_worker.loop:_logging_progress:198 -   job 7889 — move 6/45 g6
2026-05-14 21:08:02.847 | INFO     | local_worker.analysis.lc0:analyze_pgn:695 - lc0: analysing ply 7/45
2026-05-14 21:08:02.891 | INFO     | local_worker.loop:_logging_progress:198 -   job 7889 — move 7/45 Nc3
2026-05-14 21:08:02.891 | INFO     | local_worker.analysis.lc0:analyze_pgn:695 - lc0: analysing ply 8/45
2026-05-14 21:08:06.874 | INFO     | local_worker.loop:_logging_progress:198 -   job 7889 — move 8/45 Bg7
2026-05-14 21:08:06.874 | INFO     | local_worker.analysis.lc0:analyze_pgn:695 - lc0: analysing ply 9/45
2026-05-14 21:08:08.190 | INFO     | local_worker.loop:_logging_progress:198 -   job 7889 — move 9/45 Nf3
2026-05-14 21:08:08.191 | INFO     | local_worker.analysis.lc0:analyze_pgn:695 - lc0: analysing ply 10/45
2026-05-14 21:08:13.693 | INFO     | local_worker.loop:_logging_progress:198 -   job 7889 — move 10/45 O-O
2026-05-14 21:08:13.693 | INFO     | local_worker.analysis.lc0:analyze_pgn:695 - lc0: analysing ply 11/45
2026-05-14 21:08:16.529 | INFO     | local_worker.loop:_logging_progress:198 -   job 7889 — move 11/45 Be2
2026-05-14 21:08:16.529 | INFO     | local_worker.analysis.lc0:analyze_pgn:695 - lc0: analysing ply 12/45
2026-05-14 21:08:20.832 | INFO     | local_worker.loop:_logging_progress:198 -   job 7889 — move 12/45 cxd4
2026-05-14 21:08:20.832 | INFO     | local_worker.analysis.lc0:analyze_pgn:695 - lc0: analysing ply 13/45
2026-05-14 21:08:23.186 | INFO     | local_worker.loop:_logging_progress:198 -   job 7889 — move 13/45 Nxd4
2026-05-14 21:08:23.186 | INFO     | local_worker.analysis.lc0:analyze_pgn:695 - lc0: analysing ply 14/45
2026-05-14 21:08:28.892 | INFO     | local_worker.loop:_logging_progress:198 -   job 7889 — move 14/45 Nc6
2026-05-14 21:08:28.893 | INFO     | local_worker.analysis.lc0:analyze_pgn:695 - lc0: analysing ply 15/45
2026-05-14 21:08:38.445 | INFO     | local_worker.loop:_logging_progress:198 -   job 7889 — move 15/45 O-O
2026-05-14 21:08:38.445 | INFO     | local_worker.analysis.lc0:analyze_pgn:695 - lc0: analysing ply 16/45
2026-05-14 21:08:38.516 | INFO     | local_worker.loop:_logging_progress:198 -   job 7889 — move 16/45 d6
2026-05-14 21:08:38.516 | INFO     | local_worker.analysis.lc0:analyze_pgn:695 - lc0: analysing ply 17/45
2026-05-14 21:08:48.642 | INFO     | local_worker.loop:_logging_progress:198 -   job 7889 — move 17/45 Rb1
2026-05-14 21:08:48.642 | INFO     | local_worker.analysis.lc0:analyze_pgn:695 - lc0: analysing ply 18/45
2026-05-14 21:08:54.053 | INFO     | local_worker.loop:_logging_progress:198 -   job 7889 — move 18/45 Nxd4
2026-05-14 21:08:54.053 | INFO     | local_worker.analysis.lc0:analyze_pgn:695 - lc0: analysing ply 19/45
2026-05-14 21:08:54.145 | INFO     | local_worker.loop:_logging_progress:198 -   job 7889 — move 19/45 exd4
2026-05-14 21:08:54.145 | INFO     | local_worker.analysis.lc0:analyze_pgn:695 - lc0: analysing ply 20/45
2026-05-14 21:08:54.147 | INFO     | local_worker.loop:_logging_progress:198 -   job 7889 — move 20/45 Bf5
2026-05-14 21:08:54.148 | INFO     | local_worker.analysis.lc0:analyze_pgn:695 - lc0: analysing ply 21/45
2026-05-14 21:08:54.738 | INFO     | local_worker.loop:_logging_progress:198 -   job 7889 — move 21/45 Bd3
2026-05-14 21:08:54.739 | INFO     | local_worker.analysis.lc0:analyze_pgn:695 - lc0: analysing ply 22/45
2026-05-14 21:08:55.187 | INFO     | local_worker.loop:_logging_progress:198 -   job 7889 — move 22/45 Bxd3
2026-05-14 21:08:55.187 | INFO     | local_worker.analysis.lc0:analyze_pgn:695 - lc0: analysing ply 23/45
2026-05-14 21:08:59.180 | INFO     | local_worker.loop:_logging_progress:198 -   job 7889 — move 23/45 Qxd3
2026-05-14 21:08:59.180 | INFO     | local_worker.analysis.lc0:analyze_pgn:695 - lc0: analysing ply 24/45
2026-05-14 21:08:59.249 | INFO     | local_worker.loop:_logging_progress:198 -   job 7889 — move 24/45 Rc8
2026-05-14 21:08:59.249 | INFO     | local_worker.analysis.lc0:analyze_pgn:695 - lc0: analysing ply 25/45
2026-05-14 21:09:02.664 | INFO     | local_worker.loop:_logging_progress:198 -   job 7889 — move 25/45 b3
2026-05-14 21:09:02.664 | INFO     | local_worker.analysis.lc0:analyze_pgn:695 - lc0: analysing ply 26/45
2026-05-14 21:09:10.267 | INFO     | local_worker.loop:_logging_progress:198 -   job 7889 — move 26/45 h6
2026-05-14 21:09:10.267 | INFO     | local_worker.analysis.lc0:analyze_pgn:695 - lc0: analysing ply 27/45
2026-05-14 21:09:15.823 | INFO     | local_worker.loop:_logging_progress:198 -   job 7889 — move 27/45 f4
2026-05-14 21:09:15.824 | INFO     | local_worker.analysis.lc0:analyze_pgn:695 - lc0: analysing ply 28/45
2026-05-14 21:09:15.893 | INFO     | local_worker.loop:_logging_progress:198 -   job 7889 — move 28/45 d5
2026-05-14 21:09:15.893 | INFO     | local_worker.analysis.lc0:analyze_pgn:695 - lc0: analysing ply 29/45
2026-05-14 21:09:20.598 | INFO     | local_worker.loop:_logging_progress:198 -   job 7889 — move 29/45 c5
2026-05-14 21:09:20.599 | INFO     | local_worker.analysis.lc0:analyze_pgn:695 - lc0: analysing ply 30/45
2026-05-14 21:09:20.687 | INFO     | local_worker.loop:_logging_progress:198 -   job 7889 — move 30/45 b6
2026-05-14 21:09:20.687 | INFO     | local_worker.analysis.lc0:analyze_pgn:695 - lc0: analysing ply 31/45
2026-05-14 21:09:23.412 | INFO     | local_worker.loop:_logging_progress:198 -   job 7889 — move 31/45 b4
2026-05-14 21:09:23.412 | INFO     | local_worker.analysis.lc0:analyze_pgn:695 - lc0: analysing ply 32/45
2026-05-14 21:09:28.210 | INFO     | local_worker.loop:_logging_progress:198 -   job 7889 — move 32/45 Nd7
2026-05-14 21:09:28.210 | INFO     | local_worker.analysis.lc0:analyze_pgn:695 - lc0: analysing ply 33/45
2026-05-14 21:09:34.384 | INFO     | local_worker.loop:_logging_progress:198 -   job 7889 — move 33/45 a4
2026-05-14 21:09:34.384 | INFO     | local_worker.analysis.lc0:analyze_pgn:695 - lc0: analysing ply 34/45
2026-05-14 21:09:34.455 | INFO     | local_worker.loop:_logging_progress:198 -   job 7889 — move 34/45 bxc5
2026-05-14 21:09:34.455 | INFO     | local_worker.analysis.lc0:analyze_pgn:695 - lc0: analysing ply 35/45
2026-05-14 21:09:40.168 | INFO     | local_worker.loop:_logging_progress:198 -   job 7889 — move 35/45 bxc5
2026-05-14 21:09:40.168 | INFO     | local_worker.analysis.lc0:analyze_pgn:695 - lc0: analysing ply 36/45
2026-05-14 21:09:46.145 | INFO     | local_worker.loop:_logging_progress:198 -   job 7889 — move 36/45 Qa5
2026-05-14 21:09:46.145 | INFO     | local_worker.analysis.lc0:analyze_pgn:695 - lc0: analysing ply 37/45
2026-05-14 21:09:46.184 | INFO     | local_worker.loop:_logging_progress:198 -   job 7889 — move 37/45 Bd2
2026-05-14 21:09:46.184 | INFO     | local_worker.analysis.lc0:analyze_pgn:695 - lc0: analysing ply 38/45
2026-05-14 21:09:52.107 | INFO     | local_worker.loop:_logging_progress:198 -   job 7889 — move 38/45 Nxc5
2026-05-14 21:09:52.108 | INFO     | local_worker.analysis.lc0:analyze_pgn:695 - lc0: analysing ply 39/45
2026-05-14 21:09:52.192 | INFO     | local_worker.loop:_logging_progress:198 -   job 7889 — move 39/45 Nxd5
2026-05-14 21:09:52.192 | INFO     | local_worker.analysis.lc0:analyze_pgn:695 - lc0: analysing ply 40/45
2026-05-14 21:09:56.530 | INFO     | local_worker.loop:_logging_progress:198 -   job 7889 — move 40/45 Nxd3
2026-05-14 21:09:56.530 | INFO     | local_worker.analysis.lc0:analyze_pgn:695 - lc0: analysing ply 41/45
2026-05-14 21:09:56.615 | INFO     | local_worker.loop:_logging_progress:198 -   job 7889 — move 41/45 Bxa5
2026-05-14 21:09:56.616 | INFO     | local_worker.analysis.lc0:analyze_pgn:695 - lc0: analysing ply 42/45
2026-05-14 21:10:01.638 | INFO     | local_worker.loop:_logging_progress:198 -   job 7889 — move 42/45 Bxd4+
2026-05-14 21:10:01.638 | INFO     | local_worker.analysis.lc0:analyze_pgn:695 - lc0: analysing ply 43/45
2026-05-14 21:10:01.710 | INFO     | local_worker.loop:_logging_progress:198 -   job 7889 — move 43/45 Kh1
2026-05-14 21:10:01.710 | INFO     | local_worker.analysis.lc0:analyze_pgn:695 - lc0: analysing ply 44/45
2026-05-14 21:10:07.024 | INFO     | local_worker.loop:_logging_progress:198 -   job 7889 — move 44/45 Bc5
2026-05-14 21:10:07.025 | INFO     | local_worker.analysis.lc0:analyze_pgn:695 - lc0: analysing ply 45/45
2026-05-14 21:10:12.837 | INFO     | local_worker.loop:_logging_progress:198 -   job 7889 — move 45/45 Rfd1
2026-05-14 21:10:12.838 | INFO     | local_worker.analysis.lc0:analyze_pgn:722 - lc0: eval_cache hits=2 misses=43 (4.4% hit rate)
2026-05-14 21:10:13.613 | INFO     | httpx._client:_send_single_request:1025 - HTTP Request: POST https://woodleague.up.railway.app/api/v1/jobs/7889/complete/ "HTTP/1.1 200 OK"
2026-05-14 21:10:13.614 | INFO     | local_worker.loop:run_one_job:259 - Job 7889 complete (lc0) in 147.1s
2026-05-14 21:10:13.614 | INFO     | local_worker.loop:run_one_job:187 - Starting job 7887 — engine=lc0 game=e0a28166-b3d1-11ef-abd4-a409b401000b depth=25000 nodes=None
2026-05-14 21:10:13.620 | INFO     | local_worker.analysis.lc0:analyze_pgn:665 - lc0: launching engine at D:\lc0\lc0.exe
2026-05-14 21:10:13.667 | INFO     | chess.engine:error_line_received:973 - <UciProtocol (pid=26032)>: stderr >>        _
2026-05-14 21:10:13.668 | INFO     | chess.engine:error_line_received:973 - <UciProtocol (pid=26032)>: stderr >> |   _ | |
2026-05-14 21:10:13.668 | INFO     | chess.engine:error_line_received:973 - <UciProtocol (pid=26032)>: stderr >> |_ |_ |_| v0.32.1 built Nov 23 2025
2026-05-14 21:10:13.669 | INFO     | chess.engine:error_line_received:973 - <UciProtocol (pid=26032)>: stderr >> Search algorithm: classic
2026-05-14 21:10:13.671 | INFO     | local_worker.analysis.lc0:analyze_pgn:667 - lc0: engine launched; configuring backend=cuda-auto weights=C:\Users\zirco\AppData\Local\WoodLeague\wood-league-worker\networks\BT4-1024x15x32h-swa-6147500-policytune-332.pb.gz syzygy=C:\Users\zirco\AppData\Local\WoodLeague\wood-league-worker\syzygy
2026-05-14 21:10:13.672 | INFO     | local_worker.analysis.lc0:_configure_engine:476 - lc0: configure complete (opts=['Backend', 'MaxPrefetch', 'MinibatchSize', 'NNCacheSize', 'RamLimitMb', 'SmartPruningFactor', 'SyzygyPath', 'Threads', 'WeightsFile'])
2026-05-14 21:10:13.673 | INFO     | local_worker.analysis.lc0:analyze_pgn:692 - lc0: entering move loop — 37 plies, 25000 nodes/move
2026-05-14 21:10:13.673 | INFO     | local_worker.analysis.lc0:analyze_pgn:695 - lc0: analysing ply 1/37
2026-05-14 21:10:13.673 | INFO     | chess.engine:error_line_received:973 - <UciProtocol (pid=26032)>: stderr >> Loading weights file from: C:\Users\zirco\AppData\Local\WoodLeague\wood-league-worker\networks\BT4-1024x15x32h-swa-6147500-policytune-332.pb.gz
2026-05-14 21:10:14.281 | INFO     | chess.engine:error_line_received:973 - <UciProtocol (pid=26032)>: stderr >> Weights file has multihead format, updating format flag
2026-05-14 21:10:14.317 | INFO     | chess.engine:error_line_received:973 - <UciProtocol (pid=26032)>: stderr >> Switching to [cuda-fp16]...
2026-05-14 21:10:14.489 | INFO     | chess.engine:error_line_received:973 - <UciProtocol (pid=26032)>: stderr >> CUDA Runtime version: 12.9.0
2026-05-14 21:10:14.489 | INFO     | chess.engine:error_line_received:973 - <UciProtocol (pid=26032)>: stderr >> Latest version of CUDA supported by the driver: 13.2.0
2026-05-14 21:10:14.489 | INFO     | chess.engine:error_line_received:973 - <UciProtocol (pid=26032)>: stderr >> GPU: NVIDIA GeForce RTX 4070 Ti
2026-05-14 21:10:14.490 | INFO     | chess.engine:error_line_received:973 - <UciProtocol (pid=26032)>: stderr >> GPU memory: 11.9937 Gb
2026-05-14 21:10:14.490 | INFO     | chess.engine:error_line_received:973 - <UciProtocol (pid=26032)>: stderr >> GPU clock frequency: 2610 MHz
2026-05-14 21:10:14.490 | INFO     | chess.engine:error_line_received:973 - <UciProtocol (pid=26032)>: stderr >> GPU compute capability: 8.9
2026-05-14 21:10:14.490 | INFO     | chess.engine:error_line_received:973 - <UciProtocol (pid=26032)>: stderr >> L2 cache capacity: 50331648
2026-05-14 21:10:14.860 | INFO     | chess.engine:error_line_received:973 - <UciProtocol (pid=26032)>: stderr >> Loading Syzygy tablebases from C:\Users\zirco\AppData\Local\WoodLeague\wood-league-worker\syzygy
2026-05-14 21:10:14.875 | INFO     | chess.engine:error_line_received:973 - <UciProtocol (pid=26032)>: stderr >> Found 35 WDL, 0 DTM and 35 DTZ tablebase files.
2026-05-14 21:10:19.012 | INFO     | local_worker.loop:_logging_progress:198 -   job 7887 — move 1/37 Nf3
2026-05-14 21:10:19.013 | INFO     | local_worker.analysis.lc0:analyze_pgn:695 - lc0: analysing ply 2/37
2026-05-14 21:10:28.286 | INFO     | local_worker.loop:_logging_progress:198 -   job 7887 — move 2/37 Nf6
2026-05-14 21:10:28.287 | INFO     | local_worker.analysis.lc0:analyze_pgn:695 - lc0: analysing ply 3/37
2026-05-14 21:10:28.355 | INFO     | local_worker.loop:_logging_progress:198 -   job 7887 — move 3/37 e5
2026-05-14 21:10:28.355 | INFO     | local_worker.analysis.lc0:analyze_pgn:695 - lc0: analysing ply 4/37
2026-05-14 21:10:28.358 | INFO     | local_worker.loop:_logging_progress:198 -   job 7887 — move 4/37 Ne4
2026-05-14 21:10:28.358 | INFO     | local_worker.analysis.lc0:analyze_pgn:695 - lc0: analysing ply 5/37
2026-05-14 21:10:37.770 | INFO     | local_worker.loop:_logging_progress:198 -   job 7887 — move 5/37 g3
2026-05-14 21:10:37.771 | INFO     | local_worker.analysis.lc0:analyze_pgn:695 - lc0: analysing ply 6/37
2026-05-14 21:10:41.593 | INFO     | local_worker.loop:_logging_progress:198 -   job 7887 — move 6/37 d6
2026-05-14 21:10:41.594 | INFO     | local_worker.analysis.lc0:analyze_pgn:695 - lc0: analysing ply 7/37
2026-05-14 21:10:46.325 | INFO     | local_worker.loop:_logging_progress:198 -   job 7887 — move 7/37 d4
2026-05-14 21:10:46.326 | INFO     | local_worker.analysis.lc0:analyze_pgn:695 - lc0: analysing ply 8/37
2026-05-14 21:10:51.405 | INFO     | local_worker.loop:_logging_progress:198 -   job 7887 — move 8/37 Nc6
2026-05-14 21:10:51.405 | INFO     | local_worker.analysis.lc0:analyze_pgn:695 - lc0: analysing ply 9/37
2026-05-14 21:10:51.475 | INFO     | local_worker.loop:_logging_progress:198 -   job 7887 — move 9/37 Bg2
2026-05-14 21:10:51.475 | INFO     | local_worker.analysis.lc0:analyze_pgn:695 - lc0: analysing ply 10/37
2026-05-14 21:10:54.899 | INFO     | local_worker.loop:_logging_progress:198 -   job 7887 — move 10/37 dxe5
2026-05-14 21:10:54.899 | INFO     | local_worker.analysis.lc0:analyze_pgn:695 - lc0: analysing ply 11/37
2026-05-14 21:10:58.151 | INFO     | local_worker.loop:_logging_progress:198 -   job 7887 — move 11/37 Nxe5
2026-05-14 21:10:58.151 | INFO     | local_worker.analysis.lc0:analyze_pgn:695 - lc0: analysing ply 12/37
2026-05-14 21:11:08.906 | INFO     | local_worker.loop:_logging_progress:198 -   job 7887 — move 12/37 Nxd4
2026-05-14 21:11:08.906 | INFO     | local_worker.analysis.lc0:analyze_pgn:695 - lc0: analysing ply 13/37
2026-05-14 21:11:08.976 | INFO     | local_worker.loop:_logging_progress:198 -   job 7887 — move 13/37 Bxe4
2026-05-14 21:11:08.976 | INFO     | local_worker.analysis.lc0:analyze_pgn:695 - lc0: analysing ply 14/37
2026-05-14 21:11:14.992 | INFO     | local_worker.loop:_logging_progress:198 -   job 7887 — move 14/37 f5
2026-05-14 21:11:14.992 | INFO     | local_worker.analysis.lc0:analyze_pgn:695 - lc0: analysing ply 15/37
2026-05-14 21:11:21.344 | INFO     | local_worker.loop:_logging_progress:198 -   job 7887 — move 15/37 Qh5+
2026-05-14 21:11:21.345 | INFO     | local_worker.analysis.lc0:analyze_pgn:695 - lc0: analysing ply 16/37
2026-05-14 21:11:21.414 | INFO     | local_worker.loop:_logging_progress:198 -   job 7887 — move 16/37 g6
2026-05-14 21:11:21.414 | INFO     | local_worker.analysis.lc0:analyze_pgn:695 - lc0: analysing ply 17/37
2026-05-14 21:11:21.416 | INFO     | local_worker.loop:_logging_progress:198 -   job 7887 — move 17/37 Nxg6
2026-05-14 21:11:21.416 | INFO     | local_worker.analysis.lc0:analyze_pgn:695 - lc0: analysing ply 18/37
2026-05-14 21:11:21.418 | INFO     | local_worker.loop:_logging_progress:198 -   job 7887 — move 18/37 Bb4+
2026-05-14 21:11:21.419 | INFO     | local_worker.analysis.lc0:analyze_pgn:695 - lc0: analysing ply 19/37
2026-05-14 21:11:27.269 | INFO     | local_worker.loop:_logging_progress:198 -   job 7887 — move 19/37 c3
2026-05-14 21:11:27.269 | INFO     | local_worker.analysis.lc0:analyze_pgn:695 - lc0: analysing ply 20/37
2026-05-14 21:11:37.141 | INFO     | local_worker.loop:_logging_progress:198 -   job 7887 — move 20/37 Qd6
2026-05-14 21:11:37.142 | INFO     | local_worker.analysis.lc0:analyze_pgn:695 - lc0: analysing ply 21/37
2026-05-14 21:11:37.230 | INFO     | local_worker.loop:_logging_progress:198 -   job 7887 — move 21/37 Nxh8+
2026-05-14 21:11:37.230 | INFO     | local_worker.analysis.lc0:analyze_pgn:695 - lc0: analysing ply 22/37
2026-05-14 21:11:41.966 | INFO     | local_worker.loop:_logging_progress:198 -   job 7887 — move 22/37 Kd8
2026-05-14 21:11:41.966 | INFO     | local_worker.analysis.lc0:analyze_pgn:695 - lc0: analysing ply 23/37
2026-05-14 21:11:46.779 | INFO     | local_worker.loop:_logging_progress:198 -   job 7887 — move 23/37 Nf7+
2026-05-14 21:11:46.779 | INFO     | local_worker.analysis.lc0:analyze_pgn:695 - lc0: analysing ply 24/37
2026-05-14 21:11:50.711 | INFO     | local_worker.loop:_logging_progress:198 -   job 7887 — move 24/37 Kd7
2026-05-14 21:11:50.712 | INFO     | local_worker.analysis.lc0:analyze_pgn:695 - lc0: analysing ply 25/37
2026-05-14 21:11:52.570 | INFO     | local_worker.loop:_logging_progress:198 -   job 7887 — move 25/37 Nxd6
2026-05-14 21:11:52.571 | INFO     | local_worker.analysis.lc0:analyze_pgn:695 - lc0: analysing ply 26/37
2026-05-14 21:11:55.937 | INFO     | local_worker.loop:_logging_progress:198 -   job 7887 — move 26/37 Kxd6
2026-05-14 21:11:55.938 | INFO     | local_worker.analysis.lc0:analyze_pgn:695 - lc0: analysing ply 27/37
2026-05-14 21:12:00.234 | INFO     | local_worker.loop:_logging_progress:198 -   job 7887 — move 27/37 cxb4
2026-05-14 21:12:00.234 | INFO     | local_worker.analysis.lc0:analyze_pgn:695 - lc0: analysing ply 28/37
2026-05-14 21:12:04.467 | INFO     | local_worker.loop:_logging_progress:198 -   job 7887 — move 28/37 fxe4
2026-05-14 21:12:04.468 | INFO     | local_worker.analysis.lc0:analyze_pgn:695 - lc0: analysing ply 29/37
2026-05-14 21:12:08.977 | INFO     | local_worker.loop:_logging_progress:198 -   job 7887 — move 29/37 Qc5+
2026-05-14 21:12:08.977 | INFO     | local_worker.analysis.lc0:analyze_pgn:695 - lc0: analysing ply 30/37
2026-05-14 21:12:13.454 | INFO     | local_worker.loop:_logging_progress:198 -   job 7887 — move 30/37 Kd7
2026-05-14 21:12:13.454 | INFO     | local_worker.analysis.lc0:analyze_pgn:695 - lc0: analysing ply 31/37
2026-05-14 21:12:13.523 | INFO     | local_worker.loop:_logging_progress:198 -   job 7887 — move 31/37 Qxd4+
2026-05-14 21:12:13.523 | INFO     | local_worker.analysis.lc0:analyze_pgn:695 - lc0: analysing ply 32/37
2026-05-14 21:12:16.259 | INFO     | local_worker.loop:_logging_progress:198 -   job 7887 — move 32/37 Ke7
2026-05-14 21:12:16.259 | INFO     | local_worker.analysis.lc0:analyze_pgn:695 - lc0: analysing ply 33/37
2026-05-14 21:12:18.402 | INFO     | local_worker.loop:_logging_progress:198 -   job 7887 — move 33/37 Bg5+
2026-05-14 21:12:18.402 | INFO     | local_worker.analysis.lc0:analyze_pgn:695 - lc0: analysing ply 34/37
2026-05-14 21:12:18.481 | INFO     | local_worker.loop:_logging_progress:198 -   job 7887 — move 34/37 Kf7
2026-05-14 21:12:18.481 | INFO     | local_worker.analysis.lc0:analyze_pgn:695 - lc0: analysing ply 35/37
2026-05-14 21:12:20.697 | INFO     | local_worker.loop:_logging_progress:198 -   job 7887 — move 35/37 Qf6+
2026-05-14 21:12:20.697 | INFO     | local_worker.analysis.lc0:analyze_pgn:695 - lc0: analysing ply 36/37
2026-05-14 21:12:20.782 | INFO     | local_worker.loop:_logging_progress:198 -   job 7887 — move 36/37 Ke8
2026-05-14 21:12:20.782 | INFO     | local_worker.analysis.lc0:analyze_pgn:695 - lc0: analysing ply 37/37
2026-05-14 21:12:21.527 | INFO     | local_worker.loop:_logging_progress:198 -   job 7887 — move 37/37 Qe7#
2026-05-14 21:12:21.527 | INFO     | local_worker.analysis.lc0:analyze_pgn:722 - lc0: eval_cache hits=0 misses=37 (0.0% hit rate)
2026-05-14 21:12:22.193 | INFO     | httpx._client:_send_single_request:1025 - HTTP Request: POST https://woodleague.up.railway.app/api/v1/jobs/7887/complete/ "HTTP/1.1 200 OK"
2026-05-14 21:12:22.193 | INFO     | local_worker.loop:run_one_job:259 - Job 7887 complete (lc0) in 128.6s
2026-05-14 21:12:22.194 | INFO     | local_worker.loop:run_one_job:187 - Starting job 7885 — engine=lc0 game=e96169da-b4ed-11ef-98e4-d3f4e601000b depth=25000 nodes=None
2026-05-14 21:12:22.200 | INFO     | local_worker.analysis.lc0:analyze_pgn:665 - lc0: launching engine at D:\lc0\lc0.exe
2026-05-14 21:12:22.259 | INFO     | chess.engine:error_line_received:973 - <UciProtocol (pid=4232)>: stderr >>        _
2026-05-14 21:12:22.259 | INFO     | chess.engine:error_line_received:973 - <UciProtocol (pid=4232)>: stderr >> |   _ | |
2026-05-14 21:12:22.259 | INFO     | chess.engine:error_line_received:973 - <UciProtocol (pid=4232)>: stderr >> |_ |_ |_| v0.32.1 built Nov 23 2025
2026-05-14 21:12:22.261 | INFO     | chess.engine:error_line_received:973 - <UciProtocol (pid=4232)>: stderr >> Search algorithm: classic
2026-05-14 21:12:22.261 | INFO     | local_worker.analysis.lc0:analyze_pgn:667 - lc0: engine launched; configuring backend=cuda-auto weights=C:\Users\zirco\AppData\Local\WoodLeague\wood-league-worker\networks\BT4-1024x15x32h-swa-6147500-policytune-332.pb.gz syzygy=C:\Users\zirco\AppData\Local\WoodLeague\wood-league-worker\syzygy
2026-05-14 21:12:22.262 | INFO     | local_worker.analysis.lc0:_configure_engine:476 - lc0: configure complete (opts=['Backend', 'MaxPrefetch', 'MinibatchSize', 'NNCacheSize', 'RamLimitMb', 'SmartPruningFactor', 'SyzygyPath', 'Threads', 'WeightsFile'])
2026-05-14 21:12:22.263 | INFO     | local_worker.analysis.lc0:analyze_pgn:692 - lc0: entering move loop — 59 plies, 25000 nodes/move
2026-05-14 21:12:22.263 | INFO     | local_worker.analysis.lc0:analyze_pgn:695 - lc0: analysing ply 1/59
2026-05-14 21:12:22.276 | INFO     | chess.engine:error_line_received:973 - <UciProtocol (pid=4232)>: stderr >> Loading weights file from: C:\Users\zirco\AppData\Local\WoodLeague\wood-league-worker\networks\BT4-1024x15x32h-swa-6147500-policytune-332.pb.gz
2026-05-14 21:12:22.889 | INFO     | chess.engine:error_line_received:973 - <UciProtocol (pid=4232)>: stderr >> Weights file has multihead format, updating format flag
2026-05-14 21:12:22.924 | INFO     | chess.engine:error_line_received:973 - <UciProtocol (pid=4232)>: stderr >> Switching to [cuda-fp16]...
2026-05-14 21:12:23.098 | INFO     | chess.engine:error_line_received:973 - <UciProtocol (pid=4232)>: stderr >> CUDA Runtime version: 12.9.0
2026-05-14 21:12:23.098 | INFO     | chess.engine:error_line_received:973 - <UciProtocol (pid=4232)>: stderr >> Latest version of CUDA supported by the driver: 13.2.0
2026-05-14 21:12:23.098 | INFO     | chess.engine:error_line_received:973 - <UciProtocol (pid=4232)>: stderr >> GPU: NVIDIA GeForce RTX 4070 Ti
2026-05-14 21:12:23.098 | INFO     | chess.engine:error_line_received:973 - <UciProtocol (pid=4232)>: stderr >> GPU memory: 11.9937 Gb
2026-05-14 21:12:23.098 | INFO     | chess.engine:error_line_received:973 - <UciProtocol (pid=4232)>: stderr >> GPU clock frequency: 2610 MHz
2026-05-14 21:12:23.098 | INFO     | chess.engine:error_line_received:973 - <UciProtocol (pid=4232)>: stderr >> GPU compute capability: 8.9
2026-05-14 21:12:23.098 | INFO     | chess.engine:error_line_received:973 - <UciProtocol (pid=4232)>: stderr >> L2 cache capacity: 50331648
2026-05-14 21:12:23.458 | INFO     | chess.engine:error_line_received:973 - <UciProtocol (pid=4232)>: stderr >> Loading Syzygy tablebases from C:\Users\zirco\AppData\Local\WoodLeague\wood-league-worker\syzygy
2026-05-14 21:12:23.473 | INFO     | chess.engine:error_line_received:973 - <UciProtocol (pid=4232)>: stderr >> Found 35 WDL, 0 DTM and 35 DTZ tablebase files.
2026-05-14 21:12:28.256 | INFO     | local_worker.loop:_logging_progress:198 -   job 7885 — move 1/59 e4
2026-05-14 21:12:28.257 | INFO     | local_worker.analysis.lc0:analyze_pgn:695 - lc0: analysing ply 2/59
2026-05-14 21:12:31.823 | INFO     | local_worker.loop:_logging_progress:198 -   job 7885 — move 2/59 d5
2026-05-14 21:12:31.823 | INFO     | local_worker.analysis.lc0:analyze_pgn:695 - lc0: analysing ply 3/59
2026-05-14 21:12:31.894 | INFO     | local_worker.loop:_logging_progress:198 -   job 7885 — move 3/59 exd5
2026-05-14 21:12:31.894 | INFO     | local_worker.analysis.lc0:analyze_pgn:695 - lc0: analysing ply 4/59
2026-05-14 21:12:31.896 | INFO     | local_worker.loop:_logging_progress:198 -   job 7885 — move 4/59 Qxd5
2026-05-14 21:12:31.896 | INFO     | local_worker.analysis.lc0:analyze_pgn:695 - lc0: analysing ply 5/59
2026-05-14 21:12:32.845 | INFO     | local_worker.loop:_logging_progress:198 -   job 7885 — move 5/59 Nc3
2026-05-14 21:12:32.845 | INFO     | local_worker.analysis.lc0:analyze_pgn:695 - lc0: analysing ply 6/59
2026-05-14 21:12:32.923 | INFO     | local_worker.loop:_logging_progress:198 -   job 7885 — move 6/59 Qd8
2026-05-14 21:12:32.923 | INFO     | local_worker.analysis.lc0:analyze_pgn:695 - lc0: analysing ply 7/59
2026-05-14 21:12:35.872 | INFO     | local_worker.loop:_logging_progress:198 -   job 7885 — move 7/59 Nf3
2026-05-14 21:12:35.872 | INFO     | local_worker.analysis.lc0:analyze_pgn:695 - lc0: analysing ply 8/59
2026-05-14 21:12:41.114 | INFO     | local_worker.loop:_logging_progress:198 -   job 7885 — move 8/59 Nc6
2026-05-14 21:12:41.114 | INFO     | local_worker.analysis.lc0:analyze_pgn:695 - lc0: analysing ply 9/59
2026-05-14 21:12:41.183 | INFO     | local_worker.loop:_logging_progress:198 -   job 7885 — move 9/59 Bb5
2026-05-14 21:12:41.184 | INFO     | local_worker.analysis.lc0:analyze_pgn:695 - lc0: analysing ply 10/59
2026-05-14 21:12:48.764 | INFO     | local_worker.loop:_logging_progress:198 -   job 7885 — move 10/59 Bg4
2026-05-14 21:12:48.764 | INFO     | local_worker.analysis.lc0:analyze_pgn:695 - lc0: analysing ply 11/59
2026-05-14 21:12:48.828 | INFO     | local_worker.loop:_logging_progress:198 -   job 7885 — move 11/59 h3
2026-05-14 21:12:48.829 | INFO     | local_worker.analysis.lc0:analyze_pgn:695 - lc0: analysing ply 12/59
2026-05-14 21:12:54.050 | INFO     | local_worker.loop:_logging_progress:198 -   job 7885 — move 12/59 Bf5
2026-05-14 21:12:54.050 | INFO     | local_worker.analysis.lc0:analyze_pgn:695 - lc0: analysing ply 13/59
2026-05-14 21:13:02.924 | INFO     | local_worker.loop:_logging_progress:198 -   job 7885 — move 13/59 Bxc6+
2026-05-14 21:13:02.924 | INFO     | local_worker.analysis.lc0:analyze_pgn:695 - lc0: analysing ply 14/59
2026-05-14 21:13:02.993 | INFO     | local_worker.loop:_logging_progress:198 -   job 7885 — move 14/59 bxc6
2026-05-14 21:13:02.993 | INFO     | local_worker.analysis.lc0:analyze_pgn:695 - lc0: analysing ply 15/59
2026-05-14 21:13:08.436 | INFO     | local_worker.loop:_logging_progress:198 -   job 7885 — move 15/59 O-O
2026-05-14 21:13:08.436 | INFO     | local_worker.analysis.lc0:analyze_pgn:695 - lc0: analysing ply 16/59
2026-05-14 21:13:08.505 | INFO     | local_worker.loop:_logging_progress:198 -   job 7885 — move 16/59 e6
2026-05-14 21:13:08.505 | INFO     | local_worker.analysis.lc0:analyze_pgn:695 - lc0: analysing ply 17/59
2026-05-14 21:13:08.544 | INFO     | local_worker.loop:_logging_progress:198 -   job 7885 — move 17/59 d3
2026-05-14 21:13:08.544 | INFO     | local_worker.analysis.lc0:analyze_pgn:695 - lc0: analysing ply 18/59
2026-05-14 21:13:12.019 | INFO     | local_worker.loop:_logging_progress:198 -   job 7885 — move 18/59 Bc5
2026-05-14 21:13:12.019 | INFO     | local_worker.analysis.lc0:analyze_pgn:695 - lc0: analysing ply 19/59
2026-05-14 21:13:17.441 | INFO     | local_worker.loop:_logging_progress:198 -   job 7885 — move 19/59 Be3
2026-05-14 21:13:17.441 | INFO     | local_worker.analysis.lc0:analyze_pgn:695 - lc0: analysing ply 20/59
2026-05-14 21:13:22.828 | INFO     | local_worker.loop:_logging_progress:198 -   job 7885 — move 20/59 Bxe3
2026-05-14 21:13:22.828 | INFO     | local_worker.analysis.lc0:analyze_pgn:695 - lc0: analysing ply 21/59
2026-05-14 21:13:27.669 | INFO     | local_worker.loop:_logging_progress:198 -   job 7885 — move 21/59 fxe3
2026-05-14 21:13:27.669 | INFO     | local_worker.analysis.lc0:analyze_pgn:695 - lc0: analysing ply 22/59
2026-05-14 21:13:27.737 | INFO     | local_worker.loop:_logging_progress:198 -   job 7885 — move 22/59 Nf6
2026-05-14 21:13:27.737 | INFO     | local_worker.analysis.lc0:analyze_pgn:695 - lc0: analysing ply 23/59
2026-05-14 21:13:35.973 | INFO     | local_worker.loop:_logging_progress:198 -   job 7885 — move 23/59 e4
2026-05-14 21:13:35.974 | INFO     | local_worker.analysis.lc0:analyze_pgn:695 - lc0: analysing ply 24/59
2026-05-14 21:13:36.043 | INFO     | local_worker.loop:_logging_progress:198 -   job 7885 — move 24/59 Bg6
2026-05-14 21:13:36.043 | INFO     | local_worker.analysis.lc0:analyze_pgn:695 - lc0: analysing ply 25/59
2026-05-14 21:13:40.174 | INFO     | local_worker.loop:_logging_progress:198 -   job 7885 — move 25/59 Nh4
2026-05-14 21:13:40.174 | INFO     | local_worker.analysis.lc0:analyze_pgn:695 - lc0: analysing ply 26/59
2026-05-14 21:13:45.362 | INFO     | local_worker.loop:_logging_progress:198 -   job 7885 — move 26/59 Bh5
2026-05-14 21:13:45.362 | INFO     | local_worker.analysis.lc0:analyze_pgn:695 - lc0: analysing ply 27/59
2026-05-14 21:13:45.432 | INFO     | local_worker.loop:_logging_progress:198 -   job 7885 — move 27/59 g4
2026-05-14 21:13:45.432 | INFO     | local_worker.analysis.lc0:analyze_pgn:695 - lc0: analysing ply 28/59
2026-05-14 21:13:46.214 | INFO     | local_worker.loop:_logging_progress:198 -   job 7885 — move 28/59 Nxg4
2026-05-14 21:13:46.214 | INFO     | local_worker.analysis.lc0:analyze_pgn:695 - lc0: analysing ply 29/59
2026-05-14 21:13:46.297 | INFO     | local_worker.loop:_logging_progress:198 -   job 7885 — move 29/59 hxg4
2026-05-14 21:13:46.297 | INFO     | local_worker.analysis.lc0:analyze_pgn:695 - lc0: analysing ply 30/59
2026-05-14 21:13:46.309 | INFO     | local_worker.loop:_logging_progress:198 -   job 7885 — move 30/59 Qg5
2026-05-14 21:13:46.309 | INFO     | local_worker.analysis.lc0:analyze_pgn:695 - lc0: analysing ply 31/59
2026-05-14 21:13:51.806 | INFO     | local_worker.loop:_logging_progress:198 -   job 7885 — move 31/59 Ng2
2026-05-14 21:13:51.806 | INFO     | local_worker.analysis.lc0:analyze_pgn:695 - lc0: analysing ply 32/59
2026-05-14 21:13:55.769 | INFO     | local_worker.loop:_logging_progress:198 -   job 7885 — move 32/59 Bxg4
2026-05-14 21:13:55.769 | INFO     | local_worker.analysis.lc0:analyze_pgn:695 - lc0: analysing ply 33/59
2026-05-14 21:13:56.171 | INFO     | local_worker.loop:_logging_progress:198 -   job 7885 — move 33/59 Qe1
2026-05-14 21:13:56.171 | INFO     | local_worker.analysis.lc0:analyze_pgn:695 - lc0: analysing ply 34/59
2026-05-14 21:13:59.862 | INFO     | local_worker.loop:_logging_progress:198 -   job 7885 — move 34/59 O-O
2026-05-14 21:13:59.863 | INFO     | local_worker.analysis.lc0:analyze_pgn:695 - lc0: analysing ply 35/59
2026-05-14 21:14:03.763 | INFO     | local_worker.loop:_logging_progress:198 -   job 7885 — move 35/59 Qg3
2026-05-14 21:14:03.763 | INFO     | local_worker.analysis.lc0:analyze_pgn:695 - lc0: analysing ply 36/59
2026-05-14 21:14:13.714 | INFO     | local_worker.loop:_logging_progress:198 -   job 7885 — move 36/59 h5
2026-05-14 21:14:13.715 | INFO     | local_worker.analysis.lc0:analyze_pgn:695 - lc0: analysing ply 37/59
2026-05-14 21:14:19.579 | INFO     | local_worker.loop:_logging_progress:198 -   job 7885 — move 37/59 Ne3
2026-05-14 21:14:19.579 | INFO     | local_worker.analysis.lc0:analyze_pgn:695 - lc0: analysing ply 38/59
2026-05-14 21:14:25.533 | INFO     | local_worker.loop:_logging_progress:198 -   job 7885 — move 38/59 Qc5
2026-05-14 21:14:25.534 | INFO     | local_worker.analysis.lc0:analyze_pgn:695 - lc0: analysing ply 39/59
2026-05-14 21:14:31.487 | INFO     | local_worker.loop:_logging_progress:198 -   job 7885 — move 39/59 Rae1
2026-05-14 21:14:31.487 | INFO     | local_worker.analysis.lc0:analyze_pgn:695 - lc0: analysing ply 40/59
2026-05-14 21:14:31.557 | INFO     | local_worker.loop:_logging_progress:198 -   job 7885 — move 40/59 Rab8
2026-05-14 21:14:31.557 | INFO     | local_worker.analysis.lc0:analyze_pgn:695 - lc0: analysing ply 41/59
2026-05-14 21:14:42.564 | INFO     | local_worker.loop:_logging_progress:198 -   job 7885 — move 41/59 Na4
2026-05-14 21:14:42.564 | INFO     | local_worker.analysis.lc0:analyze_pgn:695 - lc0: analysing ply 42/59
2026-05-14 21:14:47.987 | INFO     | local_worker.loop:_logging_progress:198 -   job 7885 — move 42/59 Qe7
2026-05-14 21:14:47.988 | INFO     | local_worker.analysis.lc0:analyze_pgn:695 - lc0: analysing ply 43/59
2026-05-14 21:14:48.057 | INFO     | local_worker.loop:_logging_progress:198 -   job 7885 — move 43/59 Nxg4
2026-05-14 21:14:48.057 | INFO     | local_worker.analysis.lc0:analyze_pgn:695 - lc0: analysing ply 44/59
2026-05-14 21:14:50.091 | INFO     | local_worker.loop:_logging_progress:198 -   job 7885 — move 44/59 hxg4
2026-05-14 21:14:50.091 | INFO     | local_worker.analysis.lc0:analyze_pgn:695 - lc0: analysing ply 45/59
2026-05-14 21:14:55.968 | INFO     | local_worker.loop:_logging_progress:198 -   job 7885 — move 45/59 Qxg4
2026-05-14 21:14:55.969 | INFO     | local_worker.analysis.lc0:analyze_pgn:695 - lc0: analysing ply 46/59
2026-05-14 21:15:01.562 | INFO     | local_worker.loop:_logging_progress:198 -   job 7885 — move 46/59 g6
2026-05-14 21:15:01.562 | INFO     | local_worker.analysis.lc0:analyze_pgn:695 - lc0: analysing ply 47/59
2026-05-14 21:15:06.605 | INFO     | local_worker.loop:_logging_progress:198 -   job 7885 — move 47/59 Rf2
2026-05-14 21:15:06.605 | INFO     | local_worker.analysis.lc0:analyze_pgn:695 - lc0: analysing ply 48/59
2026-05-14 21:15:06.675 | INFO     | local_worker.loop:_logging_progress:198 -   job 7885 — move 48/59 Kg7
2026-05-14 21:15:06.675 | INFO     | local_worker.analysis.lc0:analyze_pgn:695 - lc0: analysing ply 49/59
2026-05-14 21:15:15.748 | INFO     | local_worker.loop:_logging_progress:198 -   job 7885 — move 49/59 Ref1
2026-05-14 21:15:15.748 | INFO     | local_worker.analysis.lc0:analyze_pgn:695 - lc0: analysing ply 50/59
2026-05-14 21:15:15.820 | INFO     | local_worker.loop:_logging_progress:198 -   job 7885 — move 50/59 Rb5
2026-05-14 21:15:15.821 | INFO     | local_worker.analysis.lc0:analyze_pgn:695 - lc0: analysing ply 51/59
2026-05-14 21:15:16.552 | INFO     | local_worker.loop:_logging_progress:198 -   job 7885 — move 51/59 Qf4
2026-05-14 21:15:16.552 | INFO     | local_worker.analysis.lc0:analyze_pgn:695 - lc0: analysing ply 52/59
2026-05-14 21:15:22.117 | INFO     | local_worker.loop:_logging_progress:198 -   job 7885 — move 52/59 Rg5+
2026-05-14 21:15:22.117 | INFO     | local_worker.analysis.lc0:analyze_pgn:695 - lc0: analysing ply 53/59
2026-05-14 21:15:26.964 | INFO     | local_worker.loop:_logging_progress:198 -   job 7885 — move 53/59 Rg2
2026-05-14 21:15:26.964 | INFO     | local_worker.analysis.lc0:analyze_pgn:695 - lc0: analysing ply 54/59
2026-05-14 21:15:27.034 | INFO     | local_worker.loop:_logging_progress:198 -   job 7885 — move 54/59 Rxg2+
2026-05-14 21:15:27.034 | INFO     | local_worker.analysis.lc0:analyze_pgn:695 - lc0: analysing ply 55/59
2026-05-14 21:15:31.082 | INFO     | local_worker.loop:_logging_progress:198 -   job 7885 — move 55/59 Kxg2
2026-05-14 21:15:31.082 | INFO     | local_worker.analysis.lc0:analyze_pgn:695 - lc0: analysing ply 56/59
2026-05-14 21:15:32.168 | INFO     | local_worker.loop:_logging_progress:198 -   job 7885 — move 56/59 Qb4
2026-05-14 21:15:32.169 | INFO     | local_worker.analysis.lc0:analyze_pgn:695 - lc0: analysing ply 57/59
2026-05-14 21:15:32.183 | INFO     | local_worker.loop:_logging_progress:198 -   job 7885 — move 57/59 b3
2026-05-14 21:15:32.183 | INFO     | local_worker.analysis.lc0:analyze_pgn:695 - lc0: analysing ply 58/59
2026-05-14 21:15:41.466 | INFO     | local_worker.loop:_logging_progress:198 -   job 7885 — move 58/59 Qd2+
2026-05-14 21:15:41.466 | INFO     | local_worker.analysis.lc0:analyze_pgn:695 - lc0: analysing ply 59/59
2026-05-14 21:15:41.535 | INFO     | local_worker.loop:_logging_progress:198 -   job 7885 — move 59/59 Qxd2
2026-05-14 21:15:41.536 | INFO     | local_worker.analysis.lc0:analyze_pgn:722 - lc0: eval_cache hits=2 misses=57 (3.4% hit rate)
2026-05-14 21:15:42.333 | INFO     | httpx._client:_send_single_request:1025 - HTTP Request: POST https://woodleague.up.railway.app/api/v1/jobs/7885/complete/ "HTTP/1.1 200 OK"
2026-05-14 21:15:42.333 | INFO     | local_worker.loop:run_one_job:259 - Job 7885 complete (lc0) in 200.1s
